Tue Oct 28 04:38:09 CET 2025 Thread[#44,Thread-2,5,main] Cleanup action starting
ERROR XBM0X: Supplied locale description 'en_001' is invalid, expecting ln[_CO[_variant]]
ln=lower-case two-letter ISO-639 language code, CO=upper-case two-letter ISO-3166 country codes, see java.util.Locale.
	at org.apache.derby.shared.common.error.StandardException.newException(StandardException.java:299)
	at org.apache.derby.shared.common.error.StandardException.newException(StandardException.java:294)
	at org.apache.derby.impl.services.monitor.BaseMonitor.staticGetLocaleFromString(BaseMonitor.java:2016)
	at org.apache.derby.impl.services.monitor.BaseMonitor.setLocale(BaseMonitor.java:490)
	at org.apache.derby.impl.services.monitor.FileMonitor.setLocale(FileMonitor.java:45)
	at org.apache.derby.impl.db.BasicDatabase.boot(BasicDatabase.java:161)
	at org.apache.derby.impl.services.monitor.BaseMonitor.boot(BaseMonitor.java:1989)
	at org.apache.derby.impl.services.monitor.TopService.bootModule(TopService.java:334)
	at org.apache.derby.impl.services.monitor.BaseMonitor.bootService(BaseMonitor.java:1817)
	at org.apache.derby.impl.services.monitor.BaseMonitor.createPersistentService(BaseMonitor.java:1011)
	at org.apache.derby.impl.services.monitor.FileMonitor.createPersistentService(FileMonitor.java:45)
	at org.apache.derby.iapi.services.monitor.Monitor.createPersistentService(Monitor.java:650)
	at org.apache.derby.impl.jdbc.EmbedConnection.createPersistentService(EmbedConnection.java:4004)
	at org.apache.derby.impl.jdbc.EmbedConnection.createDatabase(EmbedConnection.java:2649)
	at org.apache.derby.impl.jdbc.EmbedConnection.<init>(EmbedConnection.java:430)
	at org.apache.derby.iapi.jdbc.InternalDriver.getNewEmbedConnection(InternalDriver.java:630)
	at org.apache.derby.iapi.jdbc.InternalDriver$LoginCallable.call(InternalDriver.java:400)
	at org.apache.derby.iapi.jdbc.InternalDriver$LoginCallable.call(InternalDriver.java:376)
	at java.base/java.util.concurrent.FutureTask.run(FutureTask.java:328)
	at java.base/java.util.concurrent.ThreadPoolExecutor.runWorker(ThreadPoolExecutor.java:1090)
	at java.base/java.util.concurrent.ThreadPoolExecutor$Worker.run(ThreadPoolExecutor.java:614)
	at java.base/java.lang.Thread.run(Thread.java:1474)
Cleanup action completed
Tue Oct 28 04:38:09 CET 2025 Thread[#44,Thread-2,5,main] Cleanup action starting
java.sql.SQLException: Failed to create database 'memory:accountDB', see the next exception for details.
	at org.apache.derby.impl.jdbc.SQLExceptionFactory.getSQLException(SQLExceptionFactory.java:115)
	at org.apache.derby.impl.jdbc.SQLExceptionFactory.getSQLException(SQLExceptionFactory.java:141)
	at org.apache.derby.impl.jdbc.Util.seeNextException(Util.java:252)
	at org.apache.derby.impl.jdbc.EmbedConnection.createDatabase(EmbedConnection.java:2656)
	at org.apache.derby.impl.jdbc.EmbedConnection.<init>(EmbedConnection.java:430)
	at org.apache.derby.iapi.jdbc.InternalDriver.getNewEmbedConnection(InternalDriver.java:630)
	at org.apache.derby.iapi.jdbc.InternalDriver$LoginCallable.call(InternalDriver.java:400)
	at org.apache.derby.iapi.jdbc.InternalDriver$LoginCallable.call(InternalDriver.java:376)
	at java.base/java.util.concurrent.FutureTask.run(FutureTask.java:328)
	at java.base/java.util.concurrent.ThreadPoolExecutor.runWorker(ThreadPoolExecutor.java:1090)
	at java.base/java.util.concurrent.ThreadPoolExecutor$Worker.run(ThreadPoolExecutor.java:614)
	at java.base/java.lang.Thread.run(Thread.java:1474)
Caused by: ERROR XJ041: Failed to create database 'memory:accountDB', see the next exception for details.
	at org.apache.derby.shared.common.error.StandardException.newException(StandardException.java:299)
	at org.apache.derby.impl.jdbc.SQLExceptionFactory.wrapArgsForTransportAcrossDRDA(SQLExceptionFactory.java:170)
	at org.apache.derby.impl.jdbc.SQLExceptionFactory.getSQLException(SQLExceptionFactory.java:75)
	... 11 more
Caused by: ERROR XBM0X: Supplied locale description 'en_001' is invalid, expecting ln[_CO[_variant]]
ln=lower-case two-letter ISO-639 language code, CO=upper-case two-letter ISO-3166 country codes, see java.util.Locale.
	at org.apache.derby.shared.common.error.StandardException.newException(StandardException.java:299)
	at org.apache.derby.shared.common.error.StandardException.newException(StandardException.java:294)
	at org.apache.derby.impl.services.monitor.BaseMonitor.staticGetLocaleFromString(BaseMonitor.java:2016)
	at org.apache.derby.impl.services.monitor.BaseMonitor.setLocale(BaseMonitor.java:490)
	at org.apache.derby.impl.services.monitor.FileMonitor.setLocale(FileMonitor.java:45)
	at org.apache.derby.impl.db.BasicDatabase.boot(BasicDatabase.java:161)
	at org.apache.derby.impl.services.monitor.BaseMonitor.boot(BaseMonitor.java:1989)
	at org.apache.derby.impl.services.monitor.TopService.bootModule(TopService.java:334)
	at org.apache.derby.impl.services.monitor.BaseMonitor.bootService(BaseMonitor.java:1817)
	at org.apache.derby.impl.services.monitor.BaseMonitor.createPersistentService(BaseMonitor.java:1011)
	at org.apache.derby.impl.services.monitor.FileMonitor.createPersistentService(FileMonitor.java:45)
	at org.apache.derby.iapi.services.monitor.Monitor.createPersistentService(Monitor.java:650)
	at org.apache.derby.impl.jdbc.EmbedConnection.createPersistentService(EmbedConnection.java:4004)
	at org.apache.derby.impl.jdbc.EmbedConnection.createDatabase(EmbedConnection.java:2649)
	... 8 more
============= begin nested exception, level (1) ===========
java.sql.SQLException: Supplied locale description 'en_001' is invalid, expecting ln[_CO[_variant]]
ln=lower-case two-letter ISO-639 language code, CO=upper-case two-letter ISO-3166 country codes, see java.util.Locale.
	at org.apache.derby.impl.jdbc.SQLExceptionFactory.getSQLException(SQLExceptionFactory.java:115)
	at org.apache.derby.impl.jdbc.Util.generateCsSQLException(Util.java:230)
	at org.apache.derby.impl.jdbc.TransactionResourceImpl.wrapInSQLException(TransactionResourceImpl.java:431)
	at org.apache.derby.impl.jdbc.TransactionResourceImpl.handleException(TransactionResourceImpl.java:360)
	at org.apache.derby.impl.jdbc.EmbedConnection.handleException(EmbedConnection.java:2400)
	at org.apache.derby.impl.jdbc.EmbedConnection.createDatabase(EmbedConnection.java:2657)
	at org.apache.derby.impl.jdbc.EmbedConnection.<init>(EmbedConnection.java:430)
	at org.apache.derby.iapi.jdbc.InternalDriver.getNewEmbedConnection(InternalDriver.java:630)
	at org.apache.derby.iapi.jdbc.InternalDriver$LoginCallable.call(InternalDriver.java:400)
	at org.apache.derby.iapi.jdbc.InternalDriver$LoginCallable.call(InternalDriver.java:376)
	at java.base/java.util.concurrent.FutureTask.run(FutureTask.java:328)
	at java.base/java.util.concurrent.ThreadPoolExecutor.runWorker(ThreadPoolExecutor.java:1090)
	at java.base/java.util.concurrent.ThreadPoolExecutor$Worker.run(ThreadPoolExecutor.java:614)
	at java.base/java.lang.Thread.run(Thread.java:1474)
Caused by: ERROR XBM0X: Supplied locale description 'en_001' is invalid, expecting ln[_CO[_variant]]
ln=lower-case two-letter ISO-639 language code, CO=upper-case two-letter ISO-3166 country codes, see java.util.Locale.
	at org.apache.derby.shared.common.error.StandardException.newException(StandardException.java:299)
	at org.apache.derby.shared.common.error.StandardException.newException(StandardException.java:294)
	at org.apache.derby.impl.services.monitor.BaseMonitor.staticGetLocaleFromString(BaseMonitor.java:2016)
	at org.apache.derby.impl.services.monitor.BaseMonitor.setLocale(BaseMonitor.java:490)
	at org.apache.derby.impl.services.monitor.FileMonitor.setLocale(FileMonitor.java:45)
	at org.apache.derby.impl.db.BasicDatabase.boot(BasicDatabase.java:161)
	at org.apache.derby.impl.services.monitor.BaseMonitor.boot(BaseMonitor.java:1989)
	at org.apache.derby.impl.services.monitor.TopService.bootModule(TopService.java:334)
	at org.apache.derby.impl.services.monitor.BaseMonitor.bootService(BaseMonitor.java:1817)
	at org.apache.derby.impl.services.monitor.BaseMonitor.createPersistentService(BaseMonitor.java:1011)
	at org.apache.derby.impl.services.monitor.FileMonitor.createPersistentService(FileMonitor.java:45)
	at org.apache.derby.iapi.services.monitor.Monitor.createPersistentService(Monitor.java:650)
	at org.apache.derby.impl.jdbc.EmbedConnection.createPersistentService(EmbedConnection.java:4004)
	at org.apache.derby.impl.jdbc.EmbedConnection.createDatabase(EmbedConnection.java:2649)
	... 8 more
============= end nested exception, level (1) ===========
============= begin nested exception, level (2) ===========
ERROR XBM0X: Supplied locale description 'en_001' is invalid, expecting ln[_CO[_variant]]
ln=lower-case two-letter ISO-639 language code, CO=upper-case two-letter ISO-3166 country codes, see java.util.Locale.
	at org.apache.derby.shared.common.error.StandardException.newException(StandardException.java:299)
	at org.apache.derby.shared.common.error.StandardException.newException(StandardException.java:294)
	at org.apache.derby.impl.services.monitor.BaseMonitor.staticGetLocaleFromString(BaseMonitor.java:2016)
	at org.apache.derby.impl.services.monitor.BaseMonitor.setLocale(BaseMonitor.java:490)
	at org.apache.derby.impl.services.monitor.FileMonitor.setLocale(FileMonitor.java:45)
	at org.apache.derby.impl.db.BasicDatabase.boot(BasicDatabase.java:161)
	at org.apache.derby.impl.services.monitor.BaseMonitor.boot(BaseMonitor.java:1989)
	at org.apache.derby.impl.services.monitor.TopService.bootModule(TopService.java:334)
	at org.apache.derby.impl.services.monitor.BaseMonitor.bootService(BaseMonitor.java:1817)
	at org.apache.derby.impl.services.monitor.BaseMonitor.createPersistentService(BaseMonitor.java:1011)
	at org.apache.derby.impl.services.monitor.FileMonitor.createPersistentService(FileMonitor.java:45)
	at org.apache.derby.iapi.services.monitor.Monitor.createPersistentService(Monitor.java:650)
	at org.apache.derby.impl.jdbc.EmbedConnection.createPersistentService(EmbedConnection.java:4004)
	at org.apache.derby.impl.jdbc.EmbedConnection.createDatabase(EmbedConnection.java:2649)
	at org.apache.derby.impl.jdbc.EmbedConnection.<init>(EmbedConnection.java:430)
	at org.apache.derby.iapi.jdbc.InternalDriver.getNewEmbedConnection(InternalDriver.java:630)
	at org.apache.derby.iapi.jdbc.InternalDriver$LoginCallable.call(InternalDriver.java:400)
	at org.apache.derby.iapi.jdbc.InternalDriver$LoginCallable.call(InternalDriver.java:376)
	at java.base/java.util.concurrent.FutureTask.run(FutureTask.java:328)
	at java.base/java.util.concurrent.ThreadPoolExecutor.runWorker(ThreadPoolExecutor.java:1090)
	at java.base/java.util.concurrent.ThreadPoolExecutor$Worker.run(ThreadPoolExecutor.java:614)
	at java.base/java.lang.Thread.run(Thread.java:1474)
============= end nested exception, level (2) ===========
Cleanup action completed
